Archive member included to satisfy reference by file (symbol)

/Users/benoror/code/benoror/gbadev/@rkanoid/.tools/arm-gnu-toolchain-15.2.rel1-darwin-arm64-arm-none-eabi/bin/../lib/gcc/arm-none-eabi/15.2.1/libgcc.a(_divsi3.o)
                              ball_motion.o (__aeabi_idiv)
/Users/benoror/code/benoror/gbadev/@rkanoid/.tools/arm-gnu-toolchain-15.2.rel1-darwin-arm64-arm-none-eabi/bin/../lib/gcc/arm-none-eabi/15.2.1/libgcc.a(_dvmd_tls.o)
                              /Users/benoror/code/benoror/gbadev/@rkanoid/.tools/arm-gnu-toolchain-15.2.rel1-darwin-arm64-arm-none-eabi/bin/../lib/gcc/arm-none-eabi/15.2.1/libgcc.a(_divsi3.o) (__aeabi_idiv0)

Discarded input sections

 .text          0x00000000        0x0 start_gnu.o
 .data          0x00000000        0x0 start_gnu.o
 .bss           0x00000000        0x0 start_gnu.o
 .text          0x00000000        0x0 wait_vbl_done.o
 .data          0x00000000        0x0 wait_vbl_done.o
 .bss           0x00000000        0x0 wait_vbl_done.o
 .text          0x00000000        0x0 data_gnu.o
 .data          0x00000000        0x0 data_gnu.o
 .bss           0x00000000        0x0 data_gnu.o
 .data          0x00000000        0x0 app_flow.o
 .bss           0x00000000        0x0 app_flow.o
 .comment       0x00000000       0x46 app_flow.o
 .data          0x00000000        0x0 menu.o
 .bss           0x00000000        0x0 menu.o
 .comment       0x00000000       0x46 menu.o
 .data          0x00000000        0x0 screens.o
 .bss           0x00000000        0x0 screens.o
 .comment       0x00000000       0x46 screens.o
 .data          0x00000000        0x0 game_sprites.o
 .bss           0x00000000        0x0 game_sprites.o
 .comment       0x00000000       0x46 game_sprites.o
 .data          0x00000000        0x0 ball_motion.o
 .bss           0x00000000        0x0 ball_motion.o
 .comment       0x00000000       0x46 ball_motion.o
 .data          0x00000000        0x0 physics.o
 .bss           0x00000000        0x0 physics.o
 .comment       0x00000000       0x46 physics.o
 .data          0x00000000        0x0 collisions.o
 .bss           0x00000000        0x0 collisions.o
 .comment       0x00000000       0x46 collisions.o
 .data          0x00000000        0x0 bonuses.o
 .bss           0x00000000        0x0 bonuses.o
 .comment       0x00000000       0x46 bonuses.o
 .data          0x00000000        0x0 serve_state.o
 .bss           0x00000000        0x0 serve_state.o
 .comment       0x00000000       0x46 serve_state.o
 .data          0x00000000        0x0 frame_present.o
 .bss           0x00000000        0x0 frame_present.o
 .comment       0x00000000       0x46 frame_present.o
 .data          0x00000000        0x0 game_loop.o
 .bss           0x00000000        0x0 game_loop.o
 .comment       0x00000000       0x46 game_loop.o
 .bss           0x00000000        0x0 levels_data.o
 .comment       0x00000000       0x46 levels_data.o
 .data          0x00000000        0x0 level_state.o
 .comment       0x00000000       0x46 level_state.o
 .bss           0x00000000        0x0 level_render.o
 .comment       0x00000000       0x46 level_render.o
 .data          0x00000000        0x0 /Users/benoror/code/benoror/gbadev/@rkanoid/.tools/arm-gnu-toolchain-15.2.rel1-darwin-arm64-arm-none-eabi/bin/../lib/gcc/arm-none-eabi/15.2.1/libgcc.a(_divsi3.o)
 .bss           0x00000000        0x0 /Users/benoror/code/benoror/gbadev/@rkanoid/.tools/arm-gnu-toolchain-15.2.rel1-darwin-arm64-arm-none-eabi/bin/../lib/gcc/arm-none-eabi/15.2.1/libgcc.a(_divsi3.o)
 .data          0x00000000        0x0 /Users/benoror/code/benoror/gbadev/@rkanoid/.tools/arm-gnu-toolchain-15.2.rel1-darwin-arm64-arm-none-eabi/bin/../lib/gcc/arm-none-eabi/15.2.1/libgcc.a(_dvmd_tls.o)
 .bss           0x00000000        0x0 /Users/benoror/code/benoror/gbadev/@rkanoid/.tools/arm-gnu-toolchain-15.2.rel1-darwin-arm64-arm-none-eabi/bin/../lib/gcc/arm-none-eabi/15.2.1/libgcc.a(_dvmd_tls.o)

Memory Configuration

Name             Origin             Length             Attributes
rom              0x08000000         0x02000000         xr
iwram            0x03000000         0x00008000         xrw
*default*        0x00000000         0xffffffff

Linker script and memory map

LOAD start_gnu.o
LOAD wait_vbl_done.o
LOAD data_gnu.o
LOAD app_flow.o
LOAD menu.o
LOAD screens.o
LOAD game_sprites.o
LOAD ball_motion.o
LOAD physics.o
LOAD collisions.o
LOAD bonuses.o
LOAD serve_state.o
LOAD frame_present.o
LOAD game_loop.o
LOAD levels_data.o
LOAD level_state.o
LOAD level_render.o
START GROUP
LOAD /Users/benoror/code/benoror/gbadev/@rkanoid/.tools/arm-gnu-toolchain-15.2.rel1-darwin-arm64-arm-none-eabi/bin/../lib/gcc/arm-none-eabi/15.2.1/libgcc.a
LOAD /Users/benoror/code/benoror/gbadev/@rkanoid/.tools/arm-gnu-toolchain-15.2.rel1-darwin-arm64-arm-none-eabi/bin/../lib/gcc/arm-none-eabi/15.2.1/../../../../arm-none-eabi/lib/libc.a
END GROUP
START GROUP
LOAD /Users/benoror/code/benoror/gbadev/@rkanoid/.tools/arm-gnu-toolchain-15.2.rel1-darwin-arm64-arm-none-eabi/bin/../lib/gcc/arm-none-eabi/15.2.1/libgcc.a
LOAD /Users/benoror/code/benoror/gbadev/@rkanoid/.tools/arm-gnu-toolchain-15.2.rel1-darwin-arm64-arm-none-eabi/bin/../lib/gcc/arm-none-eabi/15.2.1/../../../../arm-none-eabi/lib/libc.a
LOAD /Users/benoror/code/benoror/gbadev/@rkanoid/.tools/arm-gnu-toolchain-15.2.rel1-darwin-arm64-arm-none-eabi/bin/../lib/gcc/arm-none-eabi/15.2.1/../../../../arm-none-eabi/lib/libnosys.a
END GROUP

.text           0x08000000     0x258c
 *(.text._start)
 .text._start   0x08000000      0x148 start_gnu.o
                0x08000000                _start
 *(.text*)
 .text.wait_vbl_done
                0x08000148       0x18 wait_vbl_done.o
                0x08000148                wait_vbl_done
 .text          0x08000160      0x230 app_flow.o
                0x08000160                C_Entry
 .text          0x08000390      0x178 menu.o
                0x08000390                RunMainMenu
 .text          0x08000508      0x1d8 screens.o
                0x080005ac                InitializeDisplay
                0x080005d0                LoadSpriteGraphics
                0x08000628                LoadGameplayBackground
                0x08000690                ShowSplashScreen
                0x080006a4                ShowTitleScreen
                0x080006b8                ShowGameOverScreen
                0x080006cc                ShowEndingScreen
 .text          0x080006e0      0x3b8 game_sprites.o
                0x080006e0                ClearAllSprites
                0x08000710                SetBallSprite
                0x080007d8                UpdateBonusSprite
                0x08000820                HideBonusSprite
                0x08000868                UpdateLifeDisplay
                0x080008e0                UpdateScoreDisplay
                0x0800098c                UpdateLevelDisplay
                0x080009b8                SetPaddleSprite
 .text          0x08000a98      0x1a0 ball_motion.o
                0x08000a98                BallNormalizeVelocity
                0x08000b6c                BallSyncFixedFromPixels
                0x08000b84                Ball_SyncPixelsFromFixedPos
                0x08000bd8                BallIntegrateAndSyncPixels
 .text          0x08000c38      0x514 physics.o
                0x08000c38                GetPaddleSpeed
                0x08000c48                ClampPaddleX
                0x08000c6c                ApplyWorldBounds
                0x08000e08                IntegrateBallMotionThisFrame
                0x080010a0                MovePaddleFromInput
 .text          0x0800114c      0x780 collisions.o
                0x080012fc                ApplyPaddleCollision
                0x080014f4                ProcessBlockCollisions
 .text          0x080018cc      0x1c8 bonuses.o
                0x080018cc                UpdateFallingBonuses
 .text          0x08001a94      0x1e8 serve_state.o
                0x08001a94                RunServeState
 .text          0x08001c7c       0xb8 frame_present.o
                0x08001c7c                PresentGameplayFrame
 .text          0x08001d34      0x2f0 game_loop.o
                0x08001d34                RunGame
 .text          0x08002024       0xbc levels_data.o
                0x08002024                GetLevelBlockSeeds
                0x080020b4                GetLevelTileMap
 .text          0x080020e0      0x240 level_state.o
                0x080020e0                ResetBlock
                0x08002124                HideBonus
                0x08002144                InitializeBlocksForLevel
                0x08002284                ResetActiveBonusPositions
                0x080022d8                IsLevelCleared
 .text          0x08002320      0x120 level_render.o
                0x08002320                ApplyShieldFloor
                0x0800234c                CopyLevelTileMapToBackground
                0x08002394                CopyBackgroundMapToVram
                0x080023e4                RefreshBackground
 .text          0x08002440      0x148 /Users/benoror/code/benoror/gbadev/@rkanoid/.tools/arm-gnu-toolchain-15.2.rel1-darwin-arm64-arm-none-eabi/bin/../lib/gcc/arm-none-eabi/15.2.1/libgcc.a(_divsi3.o)
                0x08002440                __aeabi_idiv
                0x08002440                __divsi3
                0x08002568                __aeabi_idivmod
 .text          0x08002588        0x4 /Users/benoror/code/benoror/gbadev/@rkanoid/.tools/arm-gnu-toolchain-15.2.rel1-darwin-arm64-arm-none-eabi/bin/../lib/gcc/arm-none-eabi/15.2.1/libgcc.a(_dvmd_tls.o)
                0x08002588                __aeabi_ldiv0
                0x08002588                __aeabi_idiv0
                0x0800258c                        . = ALIGN (0x4)
                0x0800258c                        __text_end = .

.glue_7         0x0800258c        0x0
 .glue_7        0x0800258c        0x0 linker stubs

.glue_7t        0x0800258c        0x0
 .glue_7t       0x0800258c        0x0 linker stubs

.vfp11_veneer   0x0800258c        0x0
 .vfp11_veneer  0x0800258c        0x0 linker stubs

.v4_bx          0x0800258c        0x0
 .v4_bx         0x0800258c        0x0 linker stubs

.iplt           0x0800258c        0x0
 .iplt          0x0800258c        0x0 start_gnu.o

.rodata         0x0800258c    0x286c4
 *(.rodata*)
 .rodata        0x0800258c    0x27a00 data_gnu.o
                0x0800258c                spriteTiles
                0x08002f0c                spritePalette
                0x0800310c                backgroundTiles
                0x08003d8c                backgroundPalette
                0x08003f8c                titleScreenTiles
                0x0800d58c                titleScreenPalette
                0x0800d78c                gameOverScreenTiles
                0x08016d8c                gameOverScreenPalette
                0x08016f8c                endingScreenTiles
                0x0802058c                endingScreenPalette
                0x0802078c                splashScreenTiles
                0x08029d8c                splashScreenPalette
 .rodata        0x08029f8c        0x8 menu.o
 .rodata        0x08029f94       0x90 game_sprites.o
 .rodata        0x0802a024       0x11 bonuses.o
 *fill*         0x0802a035        0x3 
 .rodata        0x0802a038      0xc18 levels_data.o
 *(.rodata.*)
                0x0802ac50                        . = ALIGN (0x4)

.rel.dyn        0x0802ac50        0x0
 .rel.iplt      0x0802ac50        0x0 start_gnu.o

.data           0x03000000      0x8b0 load address 0x0802ac50
                0x03000000                        __data_start__ = .
 *(.data*)
 .data          0x03000000      0x654 levels_data.o
 .data          0x03000654      0x259 level_render.o
                0x03000654                gBackgroundMap
                0x030008b0                        . = ALIGN (0x4)
 *fill*         0x030008ad        0x3 
                0x030008b0                        __data_end__ = .
                0x0802ac50                        __data_lma = LOADADDR (.data)

.igot.plt       0x030008b0        0x0 load address 0x0802b500
 .igot.plt      0x030008b0        0x0 start_gnu.o

.bss            0x030008b0     0x1950 load address 0x0802b500
                0x030008b0                        __bss_start__ = .
 *(.bss*)
 .bss           0x030008b0     0x1950 level_state.o
                0x030008b0                gBlocks
 *(COMMON)
                0x03002200                        . = ALIGN (0x4)
                0x03002200                        __bss_end__ = .
                0x03002200                        end = .
                0x03002200                        _end = .

/DISCARD/
 *(.comment*)
 *(.note*)
 *(.eh_frame*)
OUTPUT(rkanoid-modern.elf elf32-littlearm)
LOAD linker stubs

.ARM.attributes
                0x00000000       0x26
 .ARM.attributes
                0x00000000       0x1a start_gnu.o
 .ARM.attributes
                0x0000001a       0x1a wait_vbl_done.o
 .ARM.attributes
                0x00000034       0x1a data_gnu.o
 .ARM.attributes
                0x0000004e       0x2a app_flow.o
 .ARM.attributes
                0x00000078       0x2a menu.o
 .ARM.attributes
                0x000000a2       0x2a screens.o
 .ARM.attributes
                0x000000cc       0x2a game_sprites.o
 .ARM.attributes
                0x000000f6       0x2a ball_motion.o
 .ARM.attributes
                0x00000120       0x2a physics.o
 .ARM.attributes
                0x0000014a       0x2a collisions.o
 .ARM.attributes
                0x00000174       0x2a bonuses.o
 .ARM.attributes
                0x0000019e       0x2a serve_state.o
 .ARM.attributes
                0x000001c8       0x2a frame_present.o
 .ARM.attributes
                0x000001f2       0x2a game_loop.o
 .ARM.attributes
                0x0000021c       0x2a levels_data.o
 .ARM.attributes
                0x00000246       0x2a level_state.o
 .ARM.attributes
                0x00000270       0x2a level_render.o
 .ARM.attributes
                0x0000029a       0x1c /Users/benoror/code/benoror/gbadev/@rkanoid/.tools/arm-gnu-toolchain-15.2.rel1-darwin-arm64-arm-none-eabi/bin/../lib/gcc/arm-none-eabi/15.2.1/libgcc.a(_divsi3.o)
 .ARM.attributes
                0x000002b6       0x1c /Users/benoror/code/benoror/gbadev/@rkanoid/.tools/arm-gnu-toolchain-15.2.rel1-darwin-arm64-arm-none-eabi/bin/../lib/gcc/arm-none-eabi/15.2.1/libgcc.a(_dvmd_tls.o)

.debug_frame    0x00000000       0x20
 .debug_frame   0x00000000       0x20 /Users/benoror/code/benoror/gbadev/@rkanoid/.tools/arm-gnu-toolchain-15.2.rel1-darwin-arm64-arm-none-eabi/bin/../lib/gcc/arm-none-eabi/15.2.1/libgcc.a(_divsi3.o)

.debug_line_str
                0x00000000       0xc2
 .debug_line_str
                0x00000000       0xc2 /Users/benoror/code/benoror/gbadev/@rkanoid/.tools/arm-gnu-toolchain-15.2.rel1-darwin-arm64-arm-none-eabi/bin/../lib/gcc/arm-none-eabi/15.2.1/libgcc.a(_divsi3.o)
 .debug_line_str
                0x000000c2        0x0 /Users/benoror/code/benoror/gbadev/@rkanoid/.tools/arm-gnu-toolchain-15.2.rel1-darwin-arm64-arm-none-eabi/bin/../lib/gcc/arm-none-eabi/15.2.1/libgcc.a(_dvmd_tls.o)
                                 0xc2 (size before relaxing)
