Archive member included to satisfy reference by file (symbol)

/Users/benoror/code/benoror/gbadev/@rkanoid/.tools/arm-gnu-toolchain-15.2.rel1-darwin-arm64-arm-none-eabi/bin/../lib/gcc/arm-none-eabi/15.2.1/libgcc.a(_divsi3.o)
                              ball_motion.o (__aeabi_idiv)
/Users/benoror/code/benoror/gbadev/@rkanoid/.tools/arm-gnu-toolchain-15.2.rel1-darwin-arm64-arm-none-eabi/bin/../lib/gcc/arm-none-eabi/15.2.1/libgcc.a(_dvmd_tls.o)
                              /Users/benoror/code/benoror/gbadev/@rkanoid/.tools/arm-gnu-toolchain-15.2.rel1-darwin-arm64-arm-none-eabi/bin/../lib/gcc/arm-none-eabi/15.2.1/libgcc.a(_divsi3.o) (__aeabi_idiv0)

Discarded input sections

 .text          0x00000000        0x0 start_gnu.o
 .data          0x00000000        0x0 start_gnu.o
 .bss           0x00000000        0x0 start_gnu.o
 .text          0x00000000        0x0 wait_vbl_done.o
 .data          0x00000000        0x0 wait_vbl_done.o
 .bss           0x00000000        0x0 wait_vbl_done.o
 .text          0x00000000        0x0 data_gnu.o
 .data          0x00000000        0x0 data_gnu.o
 .bss           0x00000000        0x0 data_gnu.o
 .data          0x00000000        0x0 app_flow.o
 .bss           0x00000000        0x0 app_flow.o
 .comment       0x00000000       0x46 app_flow.o
 .data          0x00000000        0x0 menu.o
 .bss           0x00000000        0x0 menu.o
 .comment       0x00000000       0x46 menu.o
 .data          0x00000000        0x0 screens.o
 .bss           0x00000000        0x0 screens.o
 .comment       0x00000000       0x46 screens.o
 .data          0x00000000        0x0 game_sprites.o
 .bss           0x00000000        0x0 game_sprites.o
 .comment       0x00000000       0x46 game_sprites.o
 .data          0x00000000        0x0 ball_motion.o
 .bss           0x00000000        0x0 ball_motion.o
 .comment       0x00000000       0x46 ball_motion.o
 .data          0x00000000        0x0 physics.o
 .bss           0x00000000        0x0 physics.o
 .comment       0x00000000       0x46 physics.o
 .data          0x00000000        0x0 collisions.o
 .bss           0x00000000        0x0 collisions.o
 .comment       0x00000000       0x46 collisions.o
 .data          0x00000000        0x0 bonuses.o
 .bss           0x00000000        0x0 bonuses.o
 .comment       0x00000000       0x46 bonuses.o
 .data          0x00000000        0x0 serve_state.o
 .bss           0x00000000        0x0 serve_state.o
 .comment       0x00000000       0x46 serve_state.o
 .data          0x00000000        0x0 frame_present.o
 .bss           0x00000000        0x0 frame_present.o
 .comment       0x00000000       0x46 frame_present.o
 .data          0x00000000        0x0 game_loop.o
 .bss           0x00000000        0x0 game_loop.o
 .comment       0x00000000       0x46 game_loop.o
 .data          0x00000000        0x0 levels_data.o
 .comment       0x00000000       0x46 levels_data.o
 .data          0x00000000        0x0 level_state.o
 .comment       0x00000000       0x46 level_state.o
 .bss           0x00000000        0x0 level_render.o
 .comment       0x00000000       0x46 level_render.o
 .data          0x00000000        0x0 gba_audio.o
 .bss           0x00000000        0x0 gba_audio.o
 .comment       0x00000000       0x46 gba_audio.o
 .data          0x00000000        0x0 /Users/benoror/code/benoror/gbadev/@rkanoid/.tools/arm-gnu-toolchain-15.2.rel1-darwin-arm64-arm-none-eabi/bin/../lib/gcc/arm-none-eabi/15.2.1/libgcc.a(_divsi3.o)
 .bss           0x00000000        0x0 /Users/benoror/code/benoror/gbadev/@rkanoid/.tools/arm-gnu-toolchain-15.2.rel1-darwin-arm64-arm-none-eabi/bin/../lib/gcc/arm-none-eabi/15.2.1/libgcc.a(_divsi3.o)
 .data          0x00000000        0x0 /Users/benoror/code/benoror/gbadev/@rkanoid/.tools/arm-gnu-toolchain-15.2.rel1-darwin-arm64-arm-none-eabi/bin/../lib/gcc/arm-none-eabi/15.2.1/libgcc.a(_dvmd_tls.o)
 .bss           0x00000000        0x0 /Users/benoror/code/benoror/gbadev/@rkanoid/.tools/arm-gnu-toolchain-15.2.rel1-darwin-arm64-arm-none-eabi/bin/../lib/gcc/arm-none-eabi/15.2.1/libgcc.a(_dvmd_tls.o)

Memory Configuration

Name             Origin             Length             Attributes
rom              0x08000000         0x02000000         xr
iwram            0x03000000         0x00008000         xrw
*default*        0x00000000         0xffffffff

Linker script and memory map

LOAD start_gnu.o
LOAD wait_vbl_done.o
LOAD data_gnu.o
LOAD app_flow.o
LOAD menu.o
LOAD screens.o
LOAD game_sprites.o
LOAD ball_motion.o
LOAD physics.o
LOAD collisions.o
LOAD bonuses.o
LOAD serve_state.o
LOAD frame_present.o
LOAD game_loop.o
LOAD levels_data.o
LOAD level_state.o
LOAD level_render.o
LOAD gba_audio.o
START GROUP
LOAD /Users/benoror/code/benoror/gbadev/@rkanoid/.tools/arm-gnu-toolchain-15.2.rel1-darwin-arm64-arm-none-eabi/bin/../lib/gcc/arm-none-eabi/15.2.1/libgcc.a
LOAD /Users/benoror/code/benoror/gbadev/@rkanoid/.tools/arm-gnu-toolchain-15.2.rel1-darwin-arm64-arm-none-eabi/bin/../lib/gcc/arm-none-eabi/15.2.1/../../../../arm-none-eabi/lib/libc.a
END GROUP
START GROUP
LOAD /Users/benoror/code/benoror/gbadev/@rkanoid/.tools/arm-gnu-toolchain-15.2.rel1-darwin-arm64-arm-none-eabi/bin/../lib/gcc/arm-none-eabi/15.2.1/libgcc.a
LOAD /Users/benoror/code/benoror/gbadev/@rkanoid/.tools/arm-gnu-toolchain-15.2.rel1-darwin-arm64-arm-none-eabi/bin/../lib/gcc/arm-none-eabi/15.2.1/../../../../arm-none-eabi/lib/libc.a
LOAD /Users/benoror/code/benoror/gbadev/@rkanoid/.tools/arm-gnu-toolchain-15.2.rel1-darwin-arm64-arm-none-eabi/bin/../lib/gcc/arm-none-eabi/15.2.1/../../../../arm-none-eabi/lib/libnosys.a
END GROUP

.text           0x08000000     0x29d4
 *(.text._start)
 .text._start   0x08000000      0x148 start_gnu.o
                0x08000000                _start
 *(.text*)
 .text.wait_vbl_done
                0x08000148       0x18 wait_vbl_done.o
                0x08000148                wait_vbl_done
 .text          0x08000160      0x1fc app_flow.o
                0x08000160                C_Entry
 .text          0x0800035c      0x178 menu.o
                0x0800035c                RunMainMenu
 .text          0x080004d4      0x1d8 screens.o
                0x08000578                InitializeDisplay
                0x0800059c                LoadSpriteGraphics
                0x080005f4                LoadGameplayBackground
                0x0800065c                ShowSplashScreen
                0x08000670                ShowTitleScreen
                0x08000684                ShowGameOverScreen
                0x08000698                ShowEndingScreen
 .text          0x080006ac      0x5d4 game_sprites.o
                0x080006ac                ClearAllSprites
                0x080006dc                SetBallSprite
                0x080007e8                UpdateBonusSprite
                0x08000830                HideBonusSprite
                0x08000878                UpdateLifeDisplay
                0x080008f0                UpdateScoreDisplay
                0x0800099c                UpdateLevelDisplay
                0x08000a48                UpdateTimeDisplay
                0x08000b00                UpdateSpeedDisplay
                0x08000ba0                SetPaddleSprite
 .text          0x08000c80      0x1f8 ball_motion.o
                0x08000c80                BallNormalizeVelocity
                0x08000d54                BallSyncFixedFromPixels
                0x08000d6c                Ball_SyncPixelsFromFixedPos
                0x08000dc0                BallIntegrateAndSyncPixels
                0x08000e20                BallComputeTrailOffset
 .text          0x08000e78      0x50c physics.o
                0x08000e78                GetPaddleSpeed
                0x08000e88                ClampPaddleX
                0x08000eac                ApplyWorldBounds
                0x08001054                IntegrateBallMotionThisFrame
                0x080012d8                MovePaddleFromInput
 .text          0x08001384      0x7cc collisions.o
                0x08001568                ApplyPaddleCollision
                0x0800176c                ProcessBlockCollisions
 .text          0x08001b50      0x18c bonuses.o
                0x08001b50                UpdateFallingBonuses
 .text          0x08001cdc      0x1ec serve_state.o
                0x08001cdc                RunServeState
 .text          0x08001ec8       0xc4 frame_present.o
                0x08001ec8                PresentGameplayFrame
 .text          0x08001f8c      0x354 game_loop.o
                0x08001f8c                RunGame
 .text          0x080022e0      0x12c levels_data.o
                0x080022e0                GetLevelBlockSeeds
                0x080023b4                LoadLevelTileMap
                0x08002400                GetLevelTileMap
 .text          0x0800240c      0x24c level_state.o
                0x0800240c                ResetBlock
                0x08002450                HideBonus
                0x08002470                InitializeBlocksForLevel
                0x080025bc                ResetActiveBonusPositions
                0x08002610                IsLevelCleared
 .text          0x08002658      0x120 level_render.o
                0x08002658                ApplyShieldFloor
                0x08002684                CopyLevelTileMapToBackground
                0x080026cc                CopyBackgroundMapToVram
                0x0800271c                RefreshBackground
 .text          0x08002778      0x110 gba_audio.o
                0x08002778                InitAudio
                0x080027a0                SfxPaddleHit
                0x080027c0                SfxBrickHit
                0x080027e0                SfxWallBounce
                0x08002800                SfxBonusPickup
                0x08002828                SfxLifeLost
                0x08002850                SfxLevelClear
 .text          0x08002888      0x148 /Users/benoror/code/benoror/gbadev/@rkanoid/.tools/arm-gnu-toolchain-15.2.rel1-darwin-arm64-arm-none-eabi/bin/../lib/gcc/arm-none-eabi/15.2.1/libgcc.a(_divsi3.o)
                0x08002888                __aeabi_idiv
                0x08002888                __divsi3
                0x080029b0                __aeabi_idivmod
 .text          0x080029d0        0x4 /Users/benoror/code/benoror/gbadev/@rkanoid/.tools/arm-gnu-toolchain-15.2.rel1-darwin-arm64-arm-none-eabi/bin/../lib/gcc/arm-none-eabi/15.2.1/libgcc.a(_dvmd_tls.o)
                0x080029d0                __aeabi_ldiv0
                0x080029d0                __aeabi_idiv0
                0x080029d4                        . = ALIGN (0x4)
                0x080029d4                        __text_end = .

.glue_7         0x080029d4        0x0
 .glue_7        0x080029d4        0x0 linker stubs

.glue_7t        0x080029d4        0x0
 .glue_7t       0x080029d4        0x0 linker stubs

.vfp11_veneer   0x080029d4        0x0
 .vfp11_veneer  0x080029d4        0x0 linker stubs

.v4_bx          0x080029d4        0x0
 .v4_bx         0x080029d4        0x0 linker stubs

.iplt           0x080029d4        0x0
 .iplt          0x080029d4        0x0 start_gnu.o

.rodata         0x080029d4    0x29fa0
 *(.rodata*)
 .rodata        0x080029d4    0x27a00 data_gnu.o
                0x080029d4                spriteTiles
                0x08003354                spritePalette
                0x08003554                backgroundTiles
                0x080041d4                backgroundPalette
                0x080043d4                titleScreenTiles
                0x0800d9d4                titleScreenPalette
                0x0800dbd4                gameOverScreenTiles
                0x080171d4                gameOverScreenPalette
                0x080173d4                endingScreenTiles
                0x080209d4                endingScreenPalette
                0x08020bd4                splashScreenTiles
                0x0802a1d4                splashScreenPalette
 .rodata        0x0802a3d4        0x8 menu.o
 .rodata        0x0802a3dc       0x3c game_sprites.o
 .rodata        0x0802a418       0x11 bonuses.o
 *fill*         0x0802a429        0x3 
 .rodata        0x0802a42c     0x2548 levels_data.o
 *(.rodata.*)
                0x0802c974                        . = ALIGN (0x4)

.rel.dyn        0x0802c974        0x0
 .rel.iplt      0x0802c974        0x0 start_gnu.o

.data           0x03000000      0x25c load address 0x0802c974
                0x03000000                        __data_start__ = .
 *(.data*)
 .data          0x03000000      0x259 level_render.o
                0x03000000                gBackgroundMap
                0x0300025c                        . = ALIGN (0x4)
 *fill*         0x03000259        0x3 
                0x0300025c                        __data_end__ = .
                0x0802c974                        __data_lma = LOADADDR (.data)

.igot.plt       0x0300025c        0x0 load address 0x0802cbd0
 .igot.plt      0x0300025c        0x0 start_gnu.o

.bss            0x03000260     0x1a98 load address 0x0802cbd8
                0x03000260                        __bss_start__ = .
 *(.bss*)
 .bss           0x03000260      0x144 levels_data.o
 *fill*         0x030003a4        0x4 
 .bss           0x030003a8     0x1950 level_state.o
                0x030003a8                gBlocks
 *(COMMON)
                0x03001cf8                        . = ALIGN (0x4)
                0x03001cf8                        __bss_end__ = .
                0x03001cf8                        end = .
                0x03001cf8                        _end = .

/DISCARD/
 *(.comment*)
 *(.note*)
 *(.eh_frame*)
OUTPUT(rkanoid-modern.elf elf32-littlearm)
LOAD linker stubs

.ARM.attributes
                0x00000000       0x26
 .ARM.attributes
                0x00000000       0x1a start_gnu.o
 .ARM.attributes
                0x0000001a       0x1a wait_vbl_done.o
 .ARM.attributes
                0x00000034       0x1a data_gnu.o
 .ARM.attributes
                0x0000004e       0x2a app_flow.o
 .ARM.attributes
                0x00000078       0x2a menu.o
 .ARM.attributes
                0x000000a2       0x2a screens.o
 .ARM.attributes
                0x000000cc       0x2a game_sprites.o
 .ARM.attributes
                0x000000f6       0x2a ball_motion.o
 .ARM.attributes
                0x00000120       0x2a physics.o
 .ARM.attributes
                0x0000014a       0x2a collisions.o
 .ARM.attributes
                0x00000174       0x2a bonuses.o
 .ARM.attributes
                0x0000019e       0x2a serve_state.o
 .ARM.attributes
                0x000001c8       0x2a frame_present.o
 .ARM.attributes
                0x000001f2       0x2a game_loop.o
 .ARM.attributes
                0x0000021c       0x2a levels_data.o
 .ARM.attributes
                0x00000246       0x2a level_state.o
 .ARM.attributes
                0x00000270       0x2a level_render.o
 .ARM.attributes
                0x0000029a       0x2a gba_audio.o
 .ARM.attributes
                0x000002c4       0x1c /Users/benoror/code/benoror/gbadev/@rkanoid/.tools/arm-gnu-toolchain-15.2.rel1-darwin-arm64-arm-none-eabi/bin/../lib/gcc/arm-none-eabi/15.2.1/libgcc.a(_divsi3.o)
 .ARM.attributes
                0x000002e0       0x1c /Users/benoror/code/benoror/gbadev/@rkanoid/.tools/arm-gnu-toolchain-15.2.rel1-darwin-arm64-arm-none-eabi/bin/../lib/gcc/arm-none-eabi/15.2.1/libgcc.a(_dvmd_tls.o)

.debug_frame    0x00000000       0x20
 .debug_frame   0x00000000       0x20 /Users/benoror/code/benoror/gbadev/@rkanoid/.tools/arm-gnu-toolchain-15.2.rel1-darwin-arm64-arm-none-eabi/bin/../lib/gcc/arm-none-eabi/15.2.1/libgcc.a(_divsi3.o)

.debug_line_str
                0x00000000       0xc2
 .debug_line_str
                0x00000000       0xc2 /Users/benoror/code/benoror/gbadev/@rkanoid/.tools/arm-gnu-toolchain-15.2.rel1-darwin-arm64-arm-none-eabi/bin/../lib/gcc/arm-none-eabi/15.2.1/libgcc.a(_divsi3.o)
 .debug_line_str
                0x000000c2        0x0 /Users/benoror/code/benoror/gbadev/@rkanoid/.tools/arm-gnu-toolchain-15.2.rel1-darwin-arm64-arm-none-eabi/bin/../lib/gcc/arm-none-eabi/15.2.1/libgcc.a(_dvmd_tls.o)
                                 0xc2 (size before relaxing)
