Archive member included to satisfy reference by file (symbol)

/Users/benoror/code/benoror/gbadev/@rkanoid/.tools/arm-gnu-toolchain-15.2.rel1-darwin-arm64-arm-none-eabi/bin/../lib/gcc/arm-none-eabi/15.2.1/../../../../arm-none-eabi/lib/libc.a(libc_a-memcpy-stub.o)
                              demo.o (memcpy)

Discarded input sections

 .text          0x00000000        0x0 start_gnu.o
 .data          0x00000000        0x0 start_gnu.o
 .bss           0x00000000        0x0 start_gnu.o
 .text          0x00000000        0x0 wait_vbl_done.o
 .data          0x00000000        0x0 wait_vbl_done.o
 .bss           0x00000000        0x0 wait_vbl_done.o
 .text          0x00000000        0x0 data_gnu.o
 .data          0x00000000        0x0 data_gnu.o
 .bss           0x00000000        0x0 data_gnu.o
 .comment       0x00000000       0x46 demo.o
 .comment       0x00000000       0x46 juego.o
 .comment       0x00000000       0x46 niveles.o
 .text          0x00000000        0x0 /Users/benoror/code/benoror/gbadev/@rkanoid/.tools/arm-gnu-toolchain-15.2.rel1-darwin-arm64-arm-none-eabi/bin/../lib/gcc/arm-none-eabi/15.2.1/../../../../arm-none-eabi/lib/libc.a(libc_a-memcpy-stub.o)
 .data          0x00000000        0x0 /Users/benoror/code/benoror/gbadev/@rkanoid/.tools/arm-gnu-toolchain-15.2.rel1-darwin-arm64-arm-none-eabi/bin/../lib/gcc/arm-none-eabi/15.2.1/../../../../arm-none-eabi/lib/libc.a(libc_a-memcpy-stub.o)
 .bss           0x00000000        0x0 /Users/benoror/code/benoror/gbadev/@rkanoid/.tools/arm-gnu-toolchain-15.2.rel1-darwin-arm64-arm-none-eabi/bin/../lib/gcc/arm-none-eabi/15.2.1/../../../../arm-none-eabi/lib/libc.a(libc_a-memcpy-stub.o)

Memory Configuration

Name             Origin             Length             Attributes
rom              0x08000000         0x02000000         xr
iwram            0x03000000         0x00008000         xrw
*default*        0x00000000         0xffffffff

Linker script and memory map

LOAD start_gnu.o
LOAD wait_vbl_done.o
LOAD data_gnu.o
LOAD demo.o
LOAD juego.o
LOAD niveles.o
START GROUP
LOAD /Users/benoror/code/benoror/gbadev/@rkanoid/.tools/arm-gnu-toolchain-15.2.rel1-darwin-arm64-arm-none-eabi/bin/../lib/gcc/arm-none-eabi/15.2.1/libgcc.a
LOAD /Users/benoror/code/benoror/gbadev/@rkanoid/.tools/arm-gnu-toolchain-15.2.rel1-darwin-arm64-arm-none-eabi/bin/../lib/gcc/arm-none-eabi/15.2.1/../../../../arm-none-eabi/lib/libc.a
END GROUP
START GROUP
LOAD /Users/benoror/code/benoror/gbadev/@rkanoid/.tools/arm-gnu-toolchain-15.2.rel1-darwin-arm64-arm-none-eabi/bin/../lib/gcc/arm-none-eabi/15.2.1/libgcc.a
LOAD /Users/benoror/code/benoror/gbadev/@rkanoid/.tools/arm-gnu-toolchain-15.2.rel1-darwin-arm64-arm-none-eabi/bin/../lib/gcc/arm-none-eabi/15.2.1/../../../../arm-none-eabi/lib/libc.a
LOAD /Users/benoror/code/benoror/gbadev/@rkanoid/.tools/arm-gnu-toolchain-15.2.rel1-darwin-arm64-arm-none-eabi/bin/../lib/gcc/arm-none-eabi/15.2.1/../../../../arm-none-eabi/lib/libnosys.a
END GROUP

.text           0x08000000     0x48c8
 *(.text._start)
 .text._start   0x08000000      0x148 start_gnu.o
                0x08000000                _start
 *(.text*)
 .text.wait_vbl_done
                0x08000148       0x18 wait_vbl_done.o
                0x08000148                wait_vbl_done
 .text          0x08000160      0x868 demo.o
                0x08000160                ShowSplashScreen
                0x08000224                ShowTitleScreen
                0x080002e8                RunMainMenu
                0x08000460                LoadGameBackground
                0x080004e0                ShowGameOverScreen
                0x080005a4                C_Entry
                0x08000858                ShowEndingScreen
                0x0800091c                PlayMusicTest
                0x080009a4                InitializeDisplay
 .text          0x080009c8     0x1bc0 juego.o
                0x08000dcc                FormateaDec2
                0x08000e00                FormateaDec7
                0x08000e58                RefreshBackground
                0x08000ecc                SetBallSprite
                0x08000f3c                UpdateBonusSprite
                0x08000f84                UpdateLifeDisplay
                0x08000ffc                UpdateScoreDisplay
                0x08001160                UpdateLevelDisplay
                0x0800118c                SetPaddleSprite
                0x080013b4                ClearOam
                0x080013e4                RunServeState
                0x080015ec                RunGame
 .text          0x08002588     0x221c niveles.o
                0x08002588                PropNivel1
                0x0800285c                PropNivel2
                0x08002cf0                PropNivel3
                0x080035ac                PropNivel4
                0x08003fa0                PropNivel5
                0x080044f4                ApplyShieldFloor
                0x08004520                RefreshBlockMap
                0x080045b0                InitializeBlockProperties
                0x08004704                ResetActiveBonusPositions
                0x08004758                IsLevelCleared
 .text.memcpy   0x080047a4      0x124 /Users/benoror/code/benoror/gbadev/@rkanoid/.tools/arm-gnu-toolchain-15.2.rel1-darwin-arm64-arm-none-eabi/bin/../lib/gcc/arm-none-eabi/15.2.1/../../../../arm-none-eabi/lib/libc.a(libc_a-memcpy-stub.o)
                0x080047a4                memcpy
                0x080048c8                        . = ALIGN (0x4)
                0x080048c8                        __text_end = .

.glue_7         0x080048c8        0x0
 .glue_7        0x080048c8        0x0 linker stubs

.glue_7t        0x080048c8        0x0
 .glue_7t       0x080048c8        0x0 linker stubs

.vfp11_veneer   0x080048c8        0x0
 .vfp11_veneer  0x080048c8        0x0 linker stubs

.v4_bx          0x080048c8        0x0
 .v4_bx         0x080048c8        0x0 linker stubs

.iplt           0x080048c8        0x0
 .iplt          0x080048c8        0x0 start_gnu.o

.rodata         0x080048c8    0x27a48
 *(.rodata*)
 .rodata        0x080048c8    0x27a00 data_gnu.o
                0x080048c8                sprites
                0x08005248                sprite_palette
                0x08005448                bg
                0x080060c8                bg_pal
                0x080062c8                titulo
                0x0800f8c8                titulo_pal
                0x0800fac8                gameOver
                0x080190c8                gameOver_pal
                0x080192c8                fin
                0x080228c8                fin_pal
                0x08022ac8                dream
                0x0802c0c8                dream_pal
 .rodata        0x0802c2c8       0x48 demo.o
 *(.rodata.*)
                0x0802c310                        . = ALIGN (0x4)

.rel.dyn        0x0802c310        0x0
 .rel.iplt      0x0802c310        0x0 start_gnu.o

.data           0x03000000      0x8bc load address 0x0802c310
                0x03000000                        __data_start__ = .
 *(.data*)
 .data          0x03000000        0x2 demo.o
                0x03000000                PLAYERS
 .data          0x03000002        0xa juego.o
                0x03000002                ALTO_BOLA
                0x03000004                ANCHO_RAQUETA
                0x03000006                ANCHO_BOLA
                0x03000008                MAX_Y
                0x0300000a                ALTO_RAQUETA
 .data          0x0300000c      0x8b0 niveles.o
                0x0300000c                bgMap
                0x03000268                blockMap_1
                0x030003ac                blockMap_5
                0x030004f0                blockMap_4
                0x03000634                blockMap_3
                0x03000778                blockMap_2
                0x030008bc                        . = ALIGN (0x4)
                0x030008bc                        __data_end__ = .
                0x0802c310                        __data_lma = LOADADDR (.data)

.igot.plt       0x030008bc        0x0 load address 0x0802cbcc
 .igot.plt      0x030008bc        0x0 start_gnu.o

.bss            0x030008c0     0x1960 load address 0x0802cbd0
                0x030008c0                        __bss_start__ = .
 *(.bss*)
 .bss           0x030008c0        0x8 demo.o
                0x030008c0                tmp_img
                0x030008c4                tmp_pal
 .bss           0x030008c8        0x4 juego.o
                0x030008c8                Inicio_Bx
                0x030008ca                Inicio_Rx
 *fill*         0x030008cc        0x4 
 .bss           0x030008d0     0x1950 niveles.o
                0x030008d0                L
 *(COMMON)
                0x03002220                        . = ALIGN (0x4)
                0x03002220                        __bss_end__ = .
                0x03002220                        end = .
                0x03002220                        _end = .

/DISCARD/
 *(.comment*)
 *(.note*)
 *(.eh_frame*)
OUTPUT(rkanoid-modern.elf elf32-littlearm)
LOAD linker stubs

.ARM.attributes
                0x00000000       0x26
 .ARM.attributes
                0x00000000       0x1a start_gnu.o
 .ARM.attributes
                0x0000001a       0x1a wait_vbl_done.o
 .ARM.attributes
                0x00000034       0x1a data_gnu.o
 .ARM.attributes
                0x0000004e       0x2a demo.o
 .ARM.attributes
                0x00000078       0x2a juego.o
 .ARM.attributes
                0x000000a2       0x2a niveles.o
 .ARM.attributes
                0x000000cc       0x2a /Users/benoror/code/benoror/gbadev/@rkanoid/.tools/arm-gnu-toolchain-15.2.rel1-darwin-arm64-arm-none-eabi/bin/../lib/gcc/arm-none-eabi/15.2.1/../../../../arm-none-eabi/lib/libc.a(libc_a-memcpy-stub.o)

.debug_frame    0x00000000       0x3c
 .debug_frame   0x00000000       0x3c /Users/benoror/code/benoror/gbadev/@rkanoid/.tools/arm-gnu-toolchain-15.2.rel1-darwin-arm64-arm-none-eabi/bin/../lib/gcc/arm-none-eabi/15.2.1/../../../../arm-none-eabi/lib/libc.a(libc_a-memcpy-stub.o)
