Archive member included to satisfy reference by file (symbol)

/Users/benoror/code/benoror/gbadev/@rkanoid/.tools/arm-gnu-toolchain-15.2.rel1-darwin-arm64-arm-none-eabi/bin/../lib/gcc/arm-none-eabi/15.2.1/libgcc.a(_divsi3.o)
                              ball_motion.o (__aeabi_idiv)
/Users/benoror/code/benoror/gbadev/@rkanoid/.tools/arm-gnu-toolchain-15.2.rel1-darwin-arm64-arm-none-eabi/bin/../lib/gcc/arm-none-eabi/15.2.1/libgcc.a(_dvmd_tls.o)
                              /Users/benoror/code/benoror/gbadev/@rkanoid/.tools/arm-gnu-toolchain-15.2.rel1-darwin-arm64-arm-none-eabi/bin/../lib/gcc/arm-none-eabi/15.2.1/libgcc.a(_divsi3.o) (__aeabi_idiv0)

Discarded input sections

 .text          0x00000000        0x0 start_gnu.o
 .data          0x00000000        0x0 start_gnu.o
 .bss           0x00000000        0x0 start_gnu.o
 .text          0x00000000        0x0 wait_vbl_done.o
 .data          0x00000000        0x0 wait_vbl_done.o
 .bss           0x00000000        0x0 wait_vbl_done.o
 .text          0x00000000        0x0 data_gnu.o
 .data          0x00000000        0x0 data_gnu.o
 .bss           0x00000000        0x0 data_gnu.o
 .data          0x00000000        0x0 app_flow.o
 .bss           0x00000000        0x0 app_flow.o
 .comment       0x00000000       0x46 app_flow.o
 .data          0x00000000        0x0 menu.o
 .bss           0x00000000        0x0 menu.o
 .comment       0x00000000       0x46 menu.o
 .data          0x00000000        0x0 screens.o
 .bss           0x00000000        0x0 screens.o
 .comment       0x00000000       0x46 screens.o
 .data          0x00000000        0x0 game_sprites.o
 .bss           0x00000000        0x0 game_sprites.o
 .comment       0x00000000       0x46 game_sprites.o
 .data          0x00000000        0x0 ball_motion.o
 .bss           0x00000000        0x0 ball_motion.o
 .comment       0x00000000       0x46 ball_motion.o
 .data          0x00000000        0x0 physics.o
 .bss           0x00000000        0x0 physics.o
 .comment       0x00000000       0x46 physics.o
 .data          0x00000000        0x0 collisions.o
 .bss           0x00000000        0x0 collisions.o
 .comment       0x00000000       0x46 collisions.o
 .data          0x00000000        0x0 bonuses.o
 .bss           0x00000000        0x0 bonuses.o
 .comment       0x00000000       0x46 bonuses.o
 .data          0x00000000        0x0 serve_state.o
 .bss           0x00000000        0x0 serve_state.o
 .comment       0x00000000       0x46 serve_state.o
 .data          0x00000000        0x0 frame_present.o
 .bss           0x00000000        0x0 frame_present.o
 .comment       0x00000000       0x46 frame_present.o
 .data          0x00000000        0x0 game_loop.o
 .bss           0x00000000        0x0 game_loop.o
 .comment       0x00000000       0x46 game_loop.o
 .data          0x00000000        0x0 levels_data.o
 .comment       0x00000000       0x46 levels_data.o
 .data          0x00000000        0x0 level_state.o
 .comment       0x00000000       0x46 level_state.o
 .bss           0x00000000        0x0 level_render.o
 .comment       0x00000000       0x46 level_render.o
 .data          0x00000000        0x0 /Users/benoror/code/benoror/gbadev/@rkanoid/.tools/arm-gnu-toolchain-15.2.rel1-darwin-arm64-arm-none-eabi/bin/../lib/gcc/arm-none-eabi/15.2.1/libgcc.a(_divsi3.o)
 .bss           0x00000000        0x0 /Users/benoror/code/benoror/gbadev/@rkanoid/.tools/arm-gnu-toolchain-15.2.rel1-darwin-arm64-arm-none-eabi/bin/../lib/gcc/arm-none-eabi/15.2.1/libgcc.a(_divsi3.o)
 .data          0x00000000        0x0 /Users/benoror/code/benoror/gbadev/@rkanoid/.tools/arm-gnu-toolchain-15.2.rel1-darwin-arm64-arm-none-eabi/bin/../lib/gcc/arm-none-eabi/15.2.1/libgcc.a(_dvmd_tls.o)
 .bss           0x00000000        0x0 /Users/benoror/code/benoror/gbadev/@rkanoid/.tools/arm-gnu-toolchain-15.2.rel1-darwin-arm64-arm-none-eabi/bin/../lib/gcc/arm-none-eabi/15.2.1/libgcc.a(_dvmd_tls.o)

Memory Configuration

Name             Origin             Length             Attributes
rom              0x08000000         0x02000000         xr
iwram            0x03000000         0x00008000         xrw
*default*        0x00000000         0xffffffff

Linker script and memory map

LOAD start_gnu.o
LOAD wait_vbl_done.o
LOAD data_gnu.o
LOAD app_flow.o
LOAD menu.o
LOAD screens.o
LOAD game_sprites.o
LOAD ball_motion.o
LOAD physics.o
LOAD collisions.o
LOAD bonuses.o
LOAD serve_state.o
LOAD frame_present.o
LOAD game_loop.o
LOAD levels_data.o
LOAD level_state.o
LOAD level_render.o
START GROUP
LOAD /Users/benoror/code/benoror/gbadev/@rkanoid/.tools/arm-gnu-toolchain-15.2.rel1-darwin-arm64-arm-none-eabi/bin/../lib/gcc/arm-none-eabi/15.2.1/libgcc.a
LOAD /Users/benoror/code/benoror/gbadev/@rkanoid/.tools/arm-gnu-toolchain-15.2.rel1-darwin-arm64-arm-none-eabi/bin/../lib/gcc/arm-none-eabi/15.2.1/../../../../arm-none-eabi/lib/libc.a
END GROUP
START GROUP
LOAD /Users/benoror/code/benoror/gbadev/@rkanoid/.tools/arm-gnu-toolchain-15.2.rel1-darwin-arm64-arm-none-eabi/bin/../lib/gcc/arm-none-eabi/15.2.1/libgcc.a
LOAD /Users/benoror/code/benoror/gbadev/@rkanoid/.tools/arm-gnu-toolchain-15.2.rel1-darwin-arm64-arm-none-eabi/bin/../lib/gcc/arm-none-eabi/15.2.1/../../../../arm-none-eabi/lib/libc.a
LOAD /Users/benoror/code/benoror/gbadev/@rkanoid/.tools/arm-gnu-toolchain-15.2.rel1-darwin-arm64-arm-none-eabi/bin/../lib/gcc/arm-none-eabi/15.2.1/../../../../arm-none-eabi/lib/libnosys.a
END GROUP

.text           0x08000000     0x26f8
 *(.text._start)
 .text._start   0x08000000      0x148 start_gnu.o
                0x08000000                _start
 *(.text*)
 .text.wait_vbl_done
                0x08000148       0x18 wait_vbl_done.o
                0x08000148                wait_vbl_done
 .text          0x08000160      0x230 app_flow.o
                0x08000160                C_Entry
 .text          0x08000390      0x178 menu.o
                0x08000390                RunMainMenu
 .text          0x08000508      0x1d8 screens.o
                0x080005ac                InitializeDisplay
                0x080005d0                LoadSpriteGraphics
                0x08000628                LoadGameplayBackground
                0x08000690                ShowSplashScreen
                0x080006a4                ShowTitleScreen
                0x080006b8                ShowGameOverScreen
                0x080006cc                ShowEndingScreen
 .text          0x080006e0      0x47c game_sprites.o
                0x080006e0                ClearAllSprites
                0x08000710                SetBallSprite
                0x0800081c                UpdateBonusSprite
                0x08000864                HideBonusSprite
                0x080008ac                UpdateLifeDisplay
                0x08000924                UpdateScoreDisplay
                0x080009d0                UpdateLevelDisplay
                0x08000a7c                SetPaddleSprite
 .text          0x08000b5c      0x1f8 ball_motion.o
                0x08000b5c                BallNormalizeVelocity
                0x08000c30                BallSyncFixedFromPixels
                0x08000c48                Ball_SyncPixelsFromFixedPos
                0x08000c9c                BallIntegrateAndSyncPixels
                0x08000cfc                BallComputeTrailOffset
 .text          0x08000d54      0x514 physics.o
                0x08000d54                GetPaddleSpeed
                0x08000d64                ClampPaddleX
                0x08000d88                ApplyWorldBounds
                0x08000f24                IntegrateBallMotionThisFrame
                0x080011bc                MovePaddleFromInput
 .text          0x08001268      0x780 collisions.o
                0x08001418                ApplyPaddleCollision
                0x08001610                ProcessBlockCollisions
 .text          0x080019e8      0x1c8 bonuses.o
                0x080019e8                UpdateFallingBonuses
 .text          0x08001bb0      0x1ec serve_state.o
                0x08001bb0                RunServeState
 .text          0x08001d9c       0x88 frame_present.o
                0x08001d9c                PresentGameplayFrame
 .text          0x08001e24      0x2f0 game_loop.o
                0x08001e24                RunGame
 .text          0x08002114      0x12c levels_data.o
                0x08002114                GetLevelBlockSeeds
                0x080021e8                LoadLevelTileMap
                0x08002234                GetLevelTileMap
 .text          0x08002240      0x24c level_state.o
                0x08002240                ResetBlock
                0x08002284                HideBonus
                0x080022a4                InitializeBlocksForLevel
                0x080023f0                ResetActiveBonusPositions
                0x08002444                IsLevelCleared
 .text          0x0800248c      0x120 level_render.o
                0x0800248c                ApplyShieldFloor
                0x080024b8                CopyLevelTileMapToBackground
                0x08002500                CopyBackgroundMapToVram
                0x08002550                RefreshBackground
 .text          0x080025ac      0x148 /Users/benoror/code/benoror/gbadev/@rkanoid/.tools/arm-gnu-toolchain-15.2.rel1-darwin-arm64-arm-none-eabi/bin/../lib/gcc/arm-none-eabi/15.2.1/libgcc.a(_divsi3.o)
                0x080025ac                __aeabi_idiv
                0x080025ac                __divsi3
                0x080026d4                __aeabi_idivmod
 .text          0x080026f4        0x4 /Users/benoror/code/benoror/gbadev/@rkanoid/.tools/arm-gnu-toolchain-15.2.rel1-darwin-arm64-arm-none-eabi/bin/../lib/gcc/arm-none-eabi/15.2.1/libgcc.a(_dvmd_tls.o)
                0x080026f4                __aeabi_ldiv0
                0x080026f4                __aeabi_idiv0
                0x080026f8                        . = ALIGN (0x4)
                0x080026f8                        __text_end = .

.glue_7         0x080026f8        0x0
 .glue_7        0x080026f8        0x0 linker stubs

.glue_7t        0x080026f8        0x0
 .glue_7t       0x080026f8        0x0 linker stubs

.vfp11_veneer   0x080026f8        0x0
 .vfp11_veneer  0x080026f8        0x0 linker stubs

.v4_bx          0x080026f8        0x0
 .v4_bx         0x080026f8        0x0 linker stubs

.iplt           0x080026f8        0x0
 .iplt          0x080026f8        0x0 start_gnu.o

.rodata         0x080026f8    0x29fa0
 *(.rodata*)
 .rodata        0x080026f8    0x27a00 data_gnu.o
                0x080026f8                spriteTiles
                0x08003078                spritePalette
                0x08003278                backgroundTiles
                0x08003ef8                backgroundPalette
                0x080040f8                titleScreenTiles
                0x0800d6f8                titleScreenPalette
                0x0800d8f8                gameOverScreenTiles
                0x08016ef8                gameOverScreenPalette
                0x080170f8                endingScreenTiles
                0x080206f8                endingScreenPalette
                0x080208f8                splashScreenTiles
                0x08029ef8                splashScreenPalette
 .rodata        0x0802a0f8        0x8 menu.o
 .rodata        0x0802a100       0x3c game_sprites.o
 .rodata        0x0802a13c       0x11 bonuses.o
 *fill*         0x0802a14d        0x3 
 .rodata        0x0802a150     0x2548 levels_data.o
 *(.rodata.*)
                0x0802c698                        . = ALIGN (0x4)

.rel.dyn        0x0802c698        0x0
 .rel.iplt      0x0802c698        0x0 start_gnu.o

.data           0x03000000      0x25c load address 0x0802c698
                0x03000000                        __data_start__ = .
 *(.data*)
 .data          0x03000000      0x259 level_render.o
                0x03000000                gBackgroundMap
                0x0300025c                        . = ALIGN (0x4)
 *fill*         0x03000259        0x3 
                0x0300025c                        __data_end__ = .
                0x0802c698                        __data_lma = LOADADDR (.data)

.igot.plt       0x0300025c        0x0 load address 0x0802c8f4
 .igot.plt      0x0300025c        0x0 start_gnu.o

.bss            0x03000260     0x1a98 load address 0x0802c8f8
                0x03000260                        __bss_start__ = .
 *(.bss*)
 .bss           0x03000260      0x144 levels_data.o
 *fill*         0x030003a4        0x4 
 .bss           0x030003a8     0x1950 level_state.o
                0x030003a8                gBlocks
 *(COMMON)
                0x03001cf8                        . = ALIGN (0x4)
                0x03001cf8                        __bss_end__ = .
                0x03001cf8                        end = .
                0x03001cf8                        _end = .

/DISCARD/
 *(.comment*)
 *(.note*)
 *(.eh_frame*)
OUTPUT(rkanoid-modern.elf elf32-littlearm)
LOAD linker stubs

.ARM.attributes
                0x00000000       0x26
 .ARM.attributes
                0x00000000       0x1a start_gnu.o
 .ARM.attributes
                0x0000001a       0x1a wait_vbl_done.o
 .ARM.attributes
                0x00000034       0x1a data_gnu.o
 .ARM.attributes
                0x0000004e       0x2a app_flow.o
 .ARM.attributes
                0x00000078       0x2a menu.o
 .ARM.attributes
                0x000000a2       0x2a screens.o
 .ARM.attributes
                0x000000cc       0x2a game_sprites.o
 .ARM.attributes
                0x000000f6       0x2a ball_motion.o
 .ARM.attributes
                0x00000120       0x2a physics.o
 .ARM.attributes
                0x0000014a       0x2a collisions.o
 .ARM.attributes
                0x00000174       0x2a bonuses.o
 .ARM.attributes
                0x0000019e       0x2a serve_state.o
 .ARM.attributes
                0x000001c8       0x2a frame_present.o
 .ARM.attributes
                0x000001f2       0x2a game_loop.o
 .ARM.attributes
                0x0000021c       0x2a levels_data.o
 .ARM.attributes
                0x00000246       0x2a level_state.o
 .ARM.attributes
                0x00000270       0x2a level_render.o
 .ARM.attributes
                0x0000029a       0x1c /Users/benoror/code/benoror/gbadev/@rkanoid/.tools/arm-gnu-toolchain-15.2.rel1-darwin-arm64-arm-none-eabi/bin/../lib/gcc/arm-none-eabi/15.2.1/libgcc.a(_divsi3.o)
 .ARM.attributes
                0x000002b6       0x1c /Users/benoror/code/benoror/gbadev/@rkanoid/.tools/arm-gnu-toolchain-15.2.rel1-darwin-arm64-arm-none-eabi/bin/../lib/gcc/arm-none-eabi/15.2.1/libgcc.a(_dvmd_tls.o)

.debug_frame    0x00000000       0x20
 .debug_frame   0x00000000       0x20 /Users/benoror/code/benoror/gbadev/@rkanoid/.tools/arm-gnu-toolchain-15.2.rel1-darwin-arm64-arm-none-eabi/bin/../lib/gcc/arm-none-eabi/15.2.1/libgcc.a(_divsi3.o)

.debug_line_str
                0x00000000       0xc2
 .debug_line_str
                0x00000000       0xc2 /Users/benoror/code/benoror/gbadev/@rkanoid/.tools/arm-gnu-toolchain-15.2.rel1-darwin-arm64-arm-none-eabi/bin/../lib/gcc/arm-none-eabi/15.2.1/libgcc.a(_divsi3.o)
 .debug_line_str
                0x000000c2        0x0 /Users/benoror/code/benoror/gbadev/@rkanoid/.tools/arm-gnu-toolchain-15.2.rel1-darwin-arm64-arm-none-eabi/bin/../lib/gcc/arm-none-eabi/15.2.1/libgcc.a(_dvmd_tls.o)
                                 0xc2 (size before relaxing)
