
Discarded input sections

 .text          0x00000000        0x0 start_gnu.o
 .data          0x00000000        0x0 start_gnu.o
 .bss           0x00000000        0x0 start_gnu.o
 .text          0x00000000        0x0 wait_vbl_done.o
 .data          0x00000000        0x0 wait_vbl_done.o
 .bss           0x00000000        0x0 wait_vbl_done.o
 .text          0x00000000        0x0 data_gnu.o
 .data          0x00000000        0x0 data_gnu.o
 .bss           0x00000000        0x0 data_gnu.o
 .data          0x00000000        0x0 app_flow.o
 .bss           0x00000000        0x0 app_flow.o
 .comment       0x00000000       0x46 app_flow.o
 .data          0x00000000        0x0 menu.o
 .bss           0x00000000        0x0 menu.o
 .comment       0x00000000       0x46 menu.o
 .data          0x00000000        0x0 screens.o
 .bss           0x00000000        0x0 screens.o
 .comment       0x00000000       0x46 screens.o
 .data          0x00000000        0x0 game_sprites.o
 .bss           0x00000000        0x0 game_sprites.o
 .comment       0x00000000       0x46 game_sprites.o
 .data          0x00000000        0x0 game_loop.o
 .bss           0x00000000        0x0 game_loop.o
 .comment       0x00000000       0x46 game_loop.o
 .bss           0x00000000        0x0 levels_data.o
 .comment       0x00000000       0x46 levels_data.o
 .comment       0x00000000       0x46 levels_runtime.o

Memory Configuration

Name             Origin             Length             Attributes
rom              0x08000000         0x02000000         xr
iwram            0x03000000         0x00008000         xrw
*default*        0x00000000         0xffffffff

Linker script and memory map

LOAD start_gnu.o
LOAD wait_vbl_done.o
LOAD data_gnu.o
LOAD app_flow.o
LOAD menu.o
LOAD screens.o
LOAD game_sprites.o
LOAD game_loop.o
LOAD levels_data.o
LOAD levels_runtime.o
START GROUP
LOAD /Users/benoror/code/benoror/gbadev/@rkanoid/.tools/arm-gnu-toolchain-15.2.rel1-darwin-arm64-arm-none-eabi/bin/../lib/gcc/arm-none-eabi/15.2.1/libgcc.a
LOAD /Users/benoror/code/benoror/gbadev/@rkanoid/.tools/arm-gnu-toolchain-15.2.rel1-darwin-arm64-arm-none-eabi/bin/../lib/gcc/arm-none-eabi/15.2.1/../../../../arm-none-eabi/lib/libc.a
END GROUP
START GROUP
LOAD /Users/benoror/code/benoror/gbadev/@rkanoid/.tools/arm-gnu-toolchain-15.2.rel1-darwin-arm64-arm-none-eabi/bin/../lib/gcc/arm-none-eabi/15.2.1/libgcc.a
LOAD /Users/benoror/code/benoror/gbadev/@rkanoid/.tools/arm-gnu-toolchain-15.2.rel1-darwin-arm64-arm-none-eabi/bin/../lib/gcc/arm-none-eabi/15.2.1/../../../../arm-none-eabi/lib/libc.a
LOAD /Users/benoror/code/benoror/gbadev/@rkanoid/.tools/arm-gnu-toolchain-15.2.rel1-darwin-arm64-arm-none-eabi/bin/../lib/gcc/arm-none-eabi/15.2.1/../../../../arm-none-eabi/lib/libnosys.a
END GROUP

.text           0x08000000     0x1ad0
 *(.text._start)
 .text._start   0x08000000      0x148 start_gnu.o
                0x08000000                _start
 *(.text*)
 .text.wait_vbl_done
                0x08000148       0x18 wait_vbl_done.o
                0x08000148                wait_vbl_done
 .text          0x08000160      0x230 app_flow.o
                0x08000160                C_Entry
 .text          0x08000390      0x154 menu.o
                0x08000390                RunMainMenu
 .text          0x080004e4      0x1d8 screens.o
                0x08000588                InitializeDisplay
                0x080005ac                LoadSpriteGraphics
                0x08000604                LoadGameplayBackground
                0x0800066c                ShowSplashScreen
                0x08000680                ShowTitleScreen
                0x08000694                ShowGameOverScreen
                0x080006a8                ShowEndingScreen
 .text          0x080006bc      0x3b8 game_sprites.o
                0x080006bc                ClearAllSprites
                0x080006ec                SetBallSprite
                0x080007b4                UpdateBonusSprite
                0x080007fc                HideBonusSprite
                0x08000844                UpdateLifeDisplay
                0x080008bc                UpdateScoreDisplay
                0x08000968                UpdateLevelDisplay
                0x08000994                SetPaddleSprite
 .text          0x08000a74      0xc9c game_loop.o
                0x08000bac                RefreshBackground
                0x08000bec                RunGame
 .text          0x08001710       0xbc levels_data.o
                0x08001710                GetLevelBlockSeeds
                0x080017a0                GetLevelTileMap
 .text          0x080017cc      0x304 levels_runtime.o
                0x080017cc                ResetBlock
                0x08001810                HideBonus
                0x08001830                ApplyShieldFloor
                0x0800185c                CopyLevelTileMapToBackground
                0x080018a4                CopyBackgroundMapToVram
                0x080018f4                InitializeBlocksForLevel
                0x08001a34                ResetActiveBonusPositions
                0x08001a88                IsLevelCleared
                0x08001ad0                        . = ALIGN (0x4)
                0x08001ad0                        __text_end = .

.glue_7         0x08001ad0        0x0
 .glue_7        0x08001ad0        0x0 linker stubs

.glue_7t        0x08001ad0        0x0
 .glue_7t       0x08001ad0        0x0 linker stubs

.vfp11_veneer   0x08001ad0        0x0
 .vfp11_veneer  0x08001ad0        0x0 linker stubs

.v4_bx          0x08001ad0        0x0
 .v4_bx         0x08001ad0        0x0 linker stubs

.iplt           0x08001ad0        0x0
 .iplt          0x08001ad0        0x0 start_gnu.o

.rodata         0x08001ad0    0x286d4
 *(.rodata*)
 .rodata        0x08001ad0    0x27a00 data_gnu.o
                0x08001ad0                spriteTiles
                0x08002450                spritePalette
                0x08002650                backgroundTiles
                0x080032d0                backgroundPalette
                0x080034d0                titleScreenTiles
                0x0800cad0                titleScreenPalette
                0x0800ccd0                gameOverScreenTiles
                0x080162d0                gameOverScreenPalette
                0x080164d0                endingScreenTiles
                0x0801fad0                endingScreenPalette
                0x0801fcd0                splashScreenTiles
                0x080292d0                splashScreenPalette
 .rodata        0x080294d0        0x8 menu.o
 .rodata        0x080294d8       0x90 game_sprites.o
 .rodata        0x08029568       0x22 game_loop.o
 *fill*         0x0802958a        0x2 
 .rodata        0x0802958c      0xc18 levels_data.o
 *(.rodata.*)
                0x0802a1a4                        . = ALIGN (0x4)

.rel.dyn        0x0802a1a4        0x0
 .rel.iplt      0x0802a1a4        0x0 start_gnu.o

.data           0x03000000      0x890 load address 0x0802a1a4
                0x03000000                        __data_start__ = .
 *(.data*)
 .data          0x03000000      0x654 levels_data.o
 .data          0x03000654      0x23b levels_runtime.o
                0x03000654                gBackgroundMap
                0x03000890                        . = ALIGN (0x4)
 *fill*         0x0300088f        0x1 
                0x03000890                        __data_end__ = .
                0x0802a1a4                        __data_lma = LOADADDR (.data)

.igot.plt       0x03000890        0x0 load address 0x0802aa34
 .igot.plt      0x03000890        0x0 start_gnu.o

.bss            0x03000890     0x1950 load address 0x0802aa38
                0x03000890                        __bss_start__ = .
 *(.bss*)
 .bss           0x03000890     0x1950 levels_runtime.o
                0x03000890                gBlocks
 *(COMMON)
                0x030021e0                        . = ALIGN (0x4)
                0x030021e0                        __bss_end__ = .
                0x030021e0                        end = .
                0x030021e0                        _end = .

/DISCARD/
 *(.comment*)
 *(.note*)
 *(.eh_frame*)
OUTPUT(rkanoid-modern.elf elf32-littlearm)
LOAD linker stubs

.ARM.attributes
                0x00000000       0x26
 .ARM.attributes
                0x00000000       0x1a start_gnu.o
 .ARM.attributes
                0x0000001a       0x1a wait_vbl_done.o
 .ARM.attributes
                0x00000034       0x1a data_gnu.o
 .ARM.attributes
                0x0000004e       0x2a app_flow.o
 .ARM.attributes
                0x00000078       0x2a menu.o
 .ARM.attributes
                0x000000a2       0x2a screens.o
 .ARM.attributes
                0x000000cc       0x2a game_sprites.o
 .ARM.attributes
                0x000000f6       0x2a game_loop.o
 .ARM.attributes
                0x00000120       0x2a levels_data.o
 .ARM.attributes
                0x0000014a       0x2a levels_runtime.o
